main.c:136:6:initPID	24	static
main.c:144:5:calculatePIDLeft	24	static
main.c:162:5:calculatePIDRight	24	static
main.c:180:6:resetTimeout	8	static
main.c:184:7:getInputVoltage	32	static
main.c:192:6:sendACK	16	static
main.c:206:6:sendNACK	16	static
main.c:220:6:setPIDPWMLeft	24	static
main.c:247:6:setPIDPWMRight	24	static
main.c:274:6:setPWMLeft	24	static
main.c:301:6:setPWMRight	24	static
main.c:329:6:HAL_CAN_RxFifo0MsgPendingCallback	72	static
main.c:552:6:HAL_SYSTICK_Callback	4	static
main.c:563:5:main	24	static
main.c:771:6:SystemClock_Config	120	static
main.c:826:13:MX_ADC1_Init	32	static
main.c:898:13:MX_CAN_Init	48	static
main.c:957:13:MX_DAC_Init	24	static
main.c:995:13:MX_I2C1_Init	8	static
main.c:1041:13:MX_TIM1_Init	40	static
main.c:1092:13:MX_TIM2_Init	40	static
main.c:1141:13:MX_TIM15_Init	96	static
main.c:1212:13:MX_TIM16_Init	8	static
main.c:1244:13:MX_TIM17_Init	80	static
main.c:1307:13:MX_USART1_UART_Init	8	static
main.c:1340:13:MX_DMA_Init	16	static
main.c:1353:13:MX_GPIO_Init	40	static
main.c:1420:6:Error_Handler	4	static,ignoring_inline_asm
