main.c:118:6:resetTimeout	8	static
main.c:122:7:getInputVoltage	32	static
main.c:130:6:sendACK	16	static
main.c:144:6:sendNACK	16	static
main.c:159:6:setPWMLeft	24	static
main.c:182:6:setPWMRight	24	static
main.c:206:6:HAL_CAN_RxFifo0MsgPendingCallback	56	static
main.c:420:6:HAL_SYSTICK_Callback	4	static
main.c:431:5:main	16	static
main.c:616:6:SystemClock_Config	120	static
main.c:671:13:MX_ADC1_Init	32	static
main.c:743:13:MX_CAN_Init	48	static
main.c:802:13:MX_DAC_Init	24	static
main.c:840:13:MX_I2C1_Init	8	static
main.c:886:13:MX_TIM1_Init	40	static
main.c:937:13:MX_TIM2_Init	40	static
main.c:986:13:MX_TIM15_Init	96	static
main.c:1057:13:MX_TIM16_Init	8	static
main.c:1089:13:MX_TIM17_Init	80	static
main.c:1152:13:MX_USART1_UART_Init	8	static
main.c:1185:13:MX_DMA_Init	16	static
main.c:1198:13:MX_GPIO_Init	40	static
main.c:1265:6:Error_Handler	4	static,ignoring_inline_asm
