main.c:131:6:initPID	24	static
main.c:139:5:calculatePIDLeft	24	static
main.c:150:5:calculatePIDRight	24	static
main.c:161:6:resetTimeout	8	static
main.c:165:7:getInputVoltage	32	static
main.c:173:6:sendACK	16	static
main.c:187:6:sendNACK	16	static
main.c:201:6:setPIDPWMLeft	24	static
main.c:228:6:setPIDPWMRight	24	static
main.c:255:6:setPWMLeft	24	static
main.c:282:6:setPWMRight	24	static
main.c:310:6:HAL_CAN_RxFifo0MsgPendingCallback	72	static
main.c:531:6:HAL_SYSTICK_Callback	4	static
main.c:542:5:main	24	static
main.c:742:6:SystemClock_Config	120	static
main.c:797:13:MX_ADC1_Init	32	static
main.c:869:13:MX_CAN_Init	48	static
main.c:928:13:MX_DAC_Init	24	static
main.c:966:13:MX_I2C1_Init	8	static
main.c:1012:13:MX_TIM1_Init	40	static
main.c:1063:13:MX_TIM2_Init	40	static
main.c:1112:13:MX_TIM15_Init	96	static
main.c:1183:13:MX_TIM16_Init	8	static
main.c:1215:13:MX_TIM17_Init	80	static
main.c:1278:13:MX_USART1_UART_Init	8	static
main.c:1311:13:MX_DMA_Init	16	static
main.c:1324:13:MX_GPIO_Init	40	static
main.c:1391:6:Error_Handler	4	static,ignoring_inline_asm
