main.c:133:6:initPID	24	static
main.c:141:5:calculatePIDLeft	24	static
main.c:155:5:calculatePIDRight	24	static
main.c:169:6:resetTimeout	8	static
main.c:173:7:getInputVoltage	32	static
main.c:181:6:sendACK	16	static
main.c:195:6:sendNACK	16	static
main.c:209:6:setPIDPWMLeft	24	static
main.c:236:6:setPIDPWMRight	24	static
main.c:263:6:setPWMLeft	24	static
main.c:290:6:setPWMRight	24	static
main.c:318:6:HAL_CAN_RxFifo0MsgPendingCallback	72	static
main.c:539:6:HAL_SYSTICK_Callback	4	static
main.c:550:5:main	24	static
main.c:755:6:SystemClock_Config	120	static
main.c:810:13:MX_ADC1_Init	32	static
main.c:882:13:MX_CAN_Init	48	static
main.c:941:13:MX_DAC_Init	24	static
main.c:979:13:MX_I2C1_Init	8	static
main.c:1025:13:MX_TIM1_Init	40	static
main.c:1076:13:MX_TIM2_Init	40	static
main.c:1125:13:MX_TIM15_Init	96	static
main.c:1196:13:MX_TIM16_Init	8	static
main.c:1228:13:MX_TIM17_Init	80	static
main.c:1291:13:MX_USART1_UART_Init	8	static
main.c:1324:13:MX_DMA_Init	16	static
main.c:1337:13:MX_GPIO_Init	40	static
main.c:1404:6:Error_Handler	4	static,ignoring_inline_asm
