main.c:118:6:resetTimeout	8	static
main.c:122:7:getInputVoltage	32	static
main.c:130:6:sendACK	16	static
main.c:144:6:sendNACK	16	static
main.c:159:6:setPWMLeft	24	static
main.c:186:6:setPWMRight	24	static
main.c:214:6:HAL_CAN_RxFifo0MsgPendingCallback	72	static
main.c:435:6:HAL_SYSTICK_Callback	4	static
main.c:446:5:main	16	static
main.c:639:6:SystemClock_Config	120	static
main.c:694:13:MX_ADC1_Init	32	static
main.c:766:13:MX_CAN_Init	48	static
main.c:825:13:MX_DAC_Init	24	static
main.c:863:13:MX_I2C1_Init	8	static
main.c:909:13:MX_TIM1_Init	40	static
main.c:960:13:MX_TIM2_Init	40	static
main.c:1009:13:MX_TIM15_Init	96	static
main.c:1080:13:MX_TIM16_Init	8	static
main.c:1112:13:MX_TIM17_Init	80	static
main.c:1175:13:MX_USART1_UART_Init	8	static
main.c:1208:13:MX_DMA_Init	16	static
main.c:1221:13:MX_GPIO_Init	40	static
main.c:1288:6:Error_Handler	4	static,ignoring_inline_asm
