main.c:116:7:getInputVoltage	32	static
main.c:124:6:sendACK	16	static
main.c:138:6:sendNACK	16	static
main.c:153:6:setPWMLeft	24	static
main.c:176:6:setPWMRight	24	static
main.c:200:6:HAL_CAN_RxFifo0MsgPendingCallback	56	static
main.c:412:6:HAL_SYSTICK_Callback	4	static
main.c:423:5:main	16	static
main.c:586:6:SystemClock_Config	120	static
main.c:641:13:MX_ADC1_Init	32	static
main.c:713:13:MX_CAN_Init	48	static
main.c:772:13:MX_DAC_Init	24	static
main.c:810:13:MX_I2C1_Init	8	static
main.c:856:13:MX_TIM1_Init	40	static
main.c:907:13:MX_TIM2_Init	40	static
main.c:956:13:MX_TIM15_Init	96	static
main.c:1027:13:MX_TIM16_Init	8	static
main.c:1059:13:MX_TIM17_Init	80	static
main.c:1122:13:MX_USART1_UART_Init	8	static
main.c:1155:13:MX_DMA_Init	16	static
main.c:1168:13:MX_GPIO_Init	40	static
main.c:1235:6:Error_Handler	4	static,ignoring_inline_asm
