main.c:105:6:sendACK	16	static
main.c:122:6:sendNACK	16	static
main.c:137:6:setPWMLeft	24	static
main.c:160:6:setPWMRight	24	static
main.c:184:6:HAL_CAN_RxFifo0MsgPendingCallback	56	static
main.c:346:5:main	8	static
main.c:428:6:SystemClock_Config	120	static
main.c:483:13:MX_ADC1_Init	32	static
main.c:555:13:MX_CAN_Init	48	static
main.c:614:13:MX_DAC_Init	24	static
main.c:652:13:MX_I2C1_Init	8	static
main.c:698:13:MX_TIM1_Init	40	static
main.c:748:13:MX_TIM2_Init	40	static
main.c:796:13:MX_TIM15_Init	96	static
main.c:867:13:MX_TIM16_Init	8	static
main.c:899:13:MX_TIM17_Init	80	static
main.c:962:13:MX_USART1_UART_Init	8	static
main.c:995:13:MX_DMA_Init	16	static
main.c:1013:13:MX_GPIO_Init	40	static
main.c:1080:6:Error_Handler	4	static,ignoring_inline_asm
