main.c:106:7:getInputVoltage	32	static
main.c:114:6:sendACK	16	static
main.c:131:6:sendNACK	16	static
main.c:146:6:setPWMLeft	24	static
main.c:169:6:setPWMRight	24	static
main.c:193:6:HAL_CAN_RxFifo0MsgPendingCallback	56	static
main.c:355:5:main	16	static
main.c:453:6:SystemClock_Config	120	static
main.c:508:13:MX_ADC1_Init	32	static
main.c:580:13:MX_CAN_Init	48	static
main.c:639:13:MX_DAC_Init	24	static
main.c:677:13:MX_I2C1_Init	8	static
main.c:723:13:MX_TIM1_Init	40	static
main.c:773:13:MX_TIM2_Init	40	static
main.c:821:13:MX_TIM15_Init	96	static
main.c:892:13:MX_TIM16_Init	8	static
main.c:924:13:MX_TIM17_Init	80	static
main.c:987:13:MX_USART1_UART_Init	8	static
main.c:1020:13:MX_DMA_Init	16	static
main.c:1033:13:MX_GPIO_Init	40	static
main.c:1100:6:Error_Handler	4	static,ignoring_inline_asm
