main.c:107:6:sendACK	16	static
main.c:124:6:sendNACK	16	static
main.c:139:6:setPWMLeft	24	static
main.c:162:6:setPWMRight	24	static
main.c:186:6:HAL_CAN_RxFifo0MsgPendingCallback	56	static
main.c:352:5:main	8	static
main.c:447:6:SystemClock_Config	120	static
main.c:502:13:MX_ADC1_Init	32	static
main.c:574:13:MX_CAN_Init	48	static
main.c:633:13:MX_DAC_Init	24	static
main.c:671:13:MX_I2C1_Init	8	static
main.c:717:13:MX_TIM1_Init	40	static
main.c:767:13:MX_TIM2_Init	40	static
main.c:815:13:MX_TIM15_Init	96	static
main.c:886:13:MX_TIM16_Init	8	static
main.c:918:13:MX_TIM17_Init	80	static
main.c:981:13:MX_USART1_UART_Init	8	static
main.c:1014:13:MX_DMA_Init	16	static
main.c:1032:13:MX_GPIO_Init	40	static
main.c:1099:6:Error_Handler	4	static,ignoring_inline_asm
