main.c:112:7:getInputVoltage	32	static
main.c:120:6:sendACK	16	static
main.c:134:6:sendNACK	16	static
main.c:149:6:setPWMLeft	24	static
main.c:172:6:setPWMRight	24	static
main.c:196:6:HAL_CAN_RxFifo0MsgPendingCallback	56	static
main.c:392:5:main	16	static
main.c:542:6:SystemClock_Config	120	static
main.c:597:13:MX_ADC1_Init	32	static
main.c:669:13:MX_CAN_Init	48	static
main.c:728:13:MX_DAC_Init	24	static
main.c:766:13:MX_I2C1_Init	8	static
main.c:812:13:MX_TIM1_Init	40	static
main.c:862:13:MX_TIM2_Init	40	static
main.c:910:13:MX_TIM15_Init	96	static
main.c:981:13:MX_TIM16_Init	8	static
main.c:1013:13:MX_TIM17_Init	80	static
main.c:1076:13:MX_USART1_UART_Init	8	static
main.c:1109:13:MX_DMA_Init	16	static
main.c:1122:13:MX_GPIO_Init	40	static
main.c:1189:6:Error_Handler	4	static,ignoring_inline_asm
