main.c:118:6:resetTimeout	8	static
main.c:122:7:getInputVoltage	32	static
main.c:130:6:sendACK	16	static
main.c:144:6:sendNACK	16	static
main.c:159:6:setPWMLeft	24	static
main.c:186:6:setPWMRight	24	static
main.c:214:6:HAL_CAN_RxFifo0MsgPendingCallback	72	static
main.c:434:6:HAL_SYSTICK_Callback	4	static
main.c:445:5:main	16	static
main.c:638:6:SystemClock_Config	120	static
main.c:693:13:MX_ADC1_Init	32	static
main.c:765:13:MX_CAN_Init	48	static
main.c:824:13:MX_DAC_Init	24	static
main.c:862:13:MX_I2C1_Init	8	static
main.c:908:13:MX_TIM1_Init	40	static
main.c:959:13:MX_TIM2_Init	40	static
main.c:1008:13:MX_TIM15_Init	96	static
main.c:1079:13:MX_TIM16_Init	8	static
main.c:1111:13:MX_TIM17_Init	80	static
main.c:1174:13:MX_USART1_UART_Init	8	static
main.c:1207:13:MX_DMA_Init	16	static
main.c:1220:13:MX_GPIO_Init	40	static
main.c:1287:6:Error_Handler	4	static,ignoring_inline_asm
