stm32f3xx_hal.c:138:19:HAL_Init	8	static
stm32f3xx_hal.c:163:19:HAL_DeInit	8	static
stm32f3xx_hal.c:186:13:HAL_MspInit	4	static
stm32f3xx_hal.c:197:13:HAL_MspDeInit	4	static
stm32f3xx_hal.c:220:26:HAL_InitTick	16	static
stm32f3xx_hal.c:278:13:HAL_IncTick	4	static
stm32f3xx_hal.c:289:17:HAL_GetTick	4	static
stm32f3xx_hal.c:301:10:HAL_GetTickPrio	4	static
stm32f3xx_hal.c:310:19:HAL_SetTickFreq	24	static
stm32f3xx_hal.c:342:21:HAL_GetTickFreq	4	static
stm32f3xx_hal.c:358:13:HAL_Delay	24	static
stm32f3xx_hal.c:384:13:HAL_SuspendTick	4	static
stm32f3xx_hal.c:402:13:HAL_ResumeTick	4	static
stm32f3xx_hal.c:413:10:HAL_GetHalVersion	4	static
stm32f3xx_hal.c:422:10:HAL_GetREVID	4	static
stm32f3xx_hal.c:431:10:HAL_GetDEVID	4	static
stm32f3xx_hal.c:440:10:HAL_GetUIDw0	4	static
stm32f3xx_hal.c:449:10:HAL_GetUIDw1	4	static
stm32f3xx_hal.c:458:10:HAL_GetUIDw2	4	static
stm32f3xx_hal.c:467:6:HAL_DBGMCU_EnableDBGSleepMode	4	static
stm32f3xx_hal.c:476:6:HAL_DBGMCU_DisableDBGSleepMode	4	static
stm32f3xx_hal.c:485:6:HAL_DBGMCU_EnableDBGStopMode	4	static
stm32f3xx_hal.c:494:6:HAL_DBGMCU_DisableDBGStopMode	4	static
stm32f3xx_hal.c:503:6:HAL_DBGMCU_EnableDBGStandbyMode	4	static
stm32f3xx_hal.c:512:6:HAL_DBGMCU_DisableDBGStandbyMode	4	static
